    CondaPkg Found dependencies: /home/gbaraldi/fun3/cutile-triton/CondaPkg.toml
    CondaPkg Found dependencies: /home/gbaraldi/.julia/packages/PythonCall/5WGSP/CondaPkg.toml
    CondaPkg Found dependencies: /home/gbaraldi/.julia/packages/CondaPkg/lKlVY/CondaPkg.toml
    CondaPkg Initialising pixi
             │ /home/gbaraldi/.julia/artifacts/8429d049f6c01106c62971e9540e146dc068df25/bin/pixi
             │ init
             │ --format pixi
             └ /home/gbaraldi/fun3/cutile-triton/.CondaPkg
✔ Created /home/gbaraldi/fun3/cutile-triton/.CondaPkg/pixi.toml
    CondaPkg Wrote /home/gbaraldi/fun3/cutile-triton/.CondaPkg/pixi.toml
             │ [dependencies]
             │ openssl = ">=3, <3.6"
             │ libstdcxx = ">=3.4,<15.0"
             │ uv = ">=0.4"
             │ libstdcxx-ng = ">=3.4,<15.0"
             │ 
             │     [dependencies.python]
             │     channel = "conda-forge"
             │     build = "*cp*"
             │     version = ">=3.10,!=3.14.0,!=3.14.1,<4, >=3.10,<4"
             │ 
             │ [workspace]
             │ name = ".CondaPkg"
             │ platforms = ["linux-64"]
             │ channels = ["conda-forge"]
             │ channel-priority = "strict"
             │ description = "automatically generated by CondaPkg.jl"
             │ 
             │ [pypi-dependencies]
             └ triton = "==3.7.1"
    CondaPkg Installing packages
             │ /home/gbaraldi/.julia/artifacts/8429d049f6c01106c62971e9540e146dc068df25/bin/pixi
             │ install
             └ --manifest-path /home/gbaraldi/fun3/cutile-triton/.CondaPkg/pixi.toml
✔ The default environment has been installed.
RESULT	batchmatmul	cuTile	0.299	0.3025	57.5 TFLOPS
RESULT	fft	cuTile	0.0476	0.0508	48 µs
RESULT	fmha	cuTile	0.1186	0.1605	289.7 TFLOPS
RESULT	layernorm	cuTile Bwd	0.5948	0.6028	564 GB/s
RESULT	layernorm	cuTile Fwd	0.0699	0.0722	3843 GB/s
RESULT	matmul	cuTile	2.0492	2.2985	67.1 TFLOPS
RESULT	moe	cuTile	0.493	0.5626	52.3 TFLOPS
RESULT	softmax	cuTile TMA	0.0479	0.0498	2802 GB/s
RESULT	softmax	cuTile Chunked	0.0641	0.0656	4188 GB/s
RESULT	transpose	cuTile	0.1658	0.1681	3239 GB/s
RESULT	vadd	cuTile	0.4537	0.4569	3550 GB/s
BENCH DONE (triton)
