RESULT	batchmatmul	cuTile	0.1491	0.1543	115.3 TFLOPS
RESULT	batchmatmul	cuBLAS batched	0.0823	0.0857	208.8 TFLOPS
RESULT	fft	cuTile	0.1615	0.1634	162 µs
RESULT	fft	cuFFT	0.0088	0.0094	9 µs
RESULT	fmha	cuTile	0.094	0.1271	365.3 TFLOPS
RESULT	layernorm	cuTile Bwd	0.8222	0.8273	408 GB/s
RESULT	layernorm	cuTile Fwd	0.1423	0.1452	1887 GB/s
RESULT	matmul	cuBLAS	0.4793	0.485	286.7 TFLOPS
RESULT	matmul	cuTile	2.1148	2.1245	65.0 TFLOPS
RESULT	moe	cuTile	0.2707	0.3198	95.2 TFLOPS
RESULT	softmax	GPUArrays	0.4608	0.4789	
RESULT	softmax	cuTile TMA	0.0777	0.0797	1727 GB/s
RESULT	softmax	cuTile Chunked	0.0642	0.0653	4180 GB/s
RESULT	transpose	GPUArrays	1.0994	1.1032	488 GB/s
RESULT	transpose	SIMT naive	0.5255	0.5273	1022 GB/s
RESULT	transpose	cuTile	0.1612	0.1634	3329 GB/s
RESULT	vadd	GPUArrays	0.6352	0.6379	2535 GB/s
RESULT	vadd	SIMT	0.5313	0.5324	3032 GB/s
RESULT	vadd	cuTile	0.4492	0.4519	3585 GB/s
BENCH DONE (native)
